{"level":"info","message":"✅ Slack integration initialized","service":"bulwark","timestamp":"2026-09-02T08:03:16.592Z"}
{"level":"info","message":"📧 Created invite for hamzarafique964@gmail.com (89ad4c480280)","service":"bulwark","timestamp":"2026-09-02T09:22:29.655Z"}
{"level":"info","message":"📧 Created invite for test@example.com (a3a26a7743c3)","service":"bulwark","timestamp":"2026-09-02T09:22:29.663Z"}
{"level":"info","message":"✅ Slack integration initialized","service":"bulwark","timestamp":"2026-09-02T09:22:30.465Z"}
{"level":"info","message":"✅ Slack integration initialized","service":"bulwark","timestamp":"2026-09-02T09:26:38.563Z"}
{"level":"info","message":"✅ Slack integration initialized","service":"bulwark","timestamp":"2026-09-02T09:27:08.624Z"}
{"level":"info","message":"✅ Slack integration initialized","service":"bulwark","timestamp":"2026-09-02T09:27:13.078Z"}
{"level":"info","message":"✅ Slack integration initialized","service":"bulwark","timestamp":"2026-09-02T09:28:18.521Z"}
{"level":"info","message":"✅ Slack integration initialized","service":"bulwark","timestamp":"2026-09-02T09:28:19.860Z"}
{"level":"info","message":"✅ Slack integration initialized","service":"bulwark","timestamp":"2026-09-02T09:28:24.520Z"}
{"level":"info","message":"✅ Slack integration initialized","service":"bulwark","timestamp":"2026-09-02T09:28:26.745Z"}
{"level":"info","message":"✅ Slack integration initialized","service":"bulwark","timestamp":"2026-09-02T09:28:51.183Z"}
{"level":"info","message":"✅ Slack integration initialized","service":"bulwark","timestamp":"2026-09-02T09:29:34.987Z"}
{"level":"info","message":"✅ Slack integration initialized","service":"bulwark","timestamp":"2026-09-02T09:29:43.593Z"}
{"level":"info","message":"📧 New beta signup: hamzarafique964@gmail.com","service":"bulwark","timestamp":"2026-09-02T09:29:53.059Z"}
{"level":"info","message":"✅ Slack integration initialized","service":"bulwark","timestamp":"2026-09-02T09:29:53.528Z"}
{"level":"info","message":"✅ Slack integration initialized","service":"bulwark","timestamp":"2026-09-02T09:30:54.374Z"}
{"level":"info","message":"✅ Slack integration initialized","service":"bulwark","timestamp":"2026-09-02T09:31:02.564Z"}
{"level":"info","message":"📧 Created invite for hamzarafique964@gmail.com (b3ab8a3859e5)","service":"bulwark","timestamp":"2026-09-02T09:31:06.352Z"}
{"level":"info","message":"✅ Slack integration initialized","service":"bulwark","timestamp":"2026-09-02T09:31:07.000Z"}
{"level":"info","message":"✅ Slack integration initialized","service":"bulwark","timestamp":"2026-09-02T09:35:19.950Z"}
{"level":"info","message":"✅ Slack integration initialized","service":"bulwark","timestamp":"2026-09-02T09:35:24.092Z"}
{"level":"info","message":"✅ Slack integration initialized","service":"bulwark","timestamp":"2026-09-02T09:35:55.657Z"}
{"level":"info","message":"✅ Slack integration initialized","service":"bulwark","timestamp":"2026-09-02T09:36:04.385Z"}
{"level":"info","message":"✅ Slack integration initialized","service":"bulwark","timestamp":"2026-09-02T09:36:56.837Z"}
{"level":"info","message":"✅ Slack integration initialized","service":"bulwark","timestamp":"2026-09-02T09:38:20.522Z"}
{"level":"info","message":"✅ Slack integration initialized","service":"bulwark","timestamp":"2026-09-02T09:38:49.954Z"}
{"level":"info","message":"✅ Slack integration initialized","service":"bulwark","timestamp":"2026-09-02T09:39:15.564Z"}
{"level":"info","message":"✅ Slack integration initialized","service":"bulwark","timestamp":"2026-09-02T09:39:23.011Z"}
{"level":"info","message":"✅ Slack integration initialized","service":"bulwark","timestamp":"2026-09-02T09:39:33.698Z"}
{"level":"info","message":"✅ Slack integration initialized","service":"bulwark","timestamp":"2026-09-02T09:39:36.039Z"}
{"level":"info","message":"✅ Slack integration initialized","service":"bulwark","timestamp":"2026-09-02T09:40:34.348Z"}
{"level":"info","message":"✅ Slack integration initialized","service":"bulwark","timestamp":"2026-09-02T09:43:14.477Z"}
{"level":"info","message":"✅ Slack integration initialized","service":"bulwark","timestamp":"2026-09-02T09:43:20.865Z"}
{"level":"info","message":"✅ Slack integration initialized","service":"bulwark","timestamp":"2026-09-02T09:43:24.313Z"}
{"level":"info","message":"✅ Slack integration initialized","service":"bulwark","timestamp":"2026-09-02T09:44:17.720Z"}
{"level":"info","message":"✅ Slack integration initialized","service":"bulwark","timestamp":"2026-09-02T09:49:36.593Z"}
{"level":"info","message":"✅ Slack integration initialized","service":"bulwark","timestamp":"2026-09-02T09:49:49.122Z"}
{"level":"info","message":"📨 Slack notification sent","service":"bulwark","timestamp":"2026-09-02T09:50:53.586Z"}
{"level":"info","message":"✅ Slack integration initialized","service":"bulwark","timestamp":"2026-09-02T09:56:16.049Z"}
{"level":"info","message":"✅ Slack integration initialized","service":"bulwark","timestamp":"2026-09-02T09:56:56.401Z"}
{"level":"info","message":"✅ Slack integration initialized","service":"bulwark","timestamp":"2026-09-02T09:57:03.553Z"}
{"level":"info","message":"✅ Slack integration initialized","service":"bulwark","timestamp":"2026-09-02T09:57:08.950Z"}
{"level":"info","message":"✅ Slack integration initialized","service":"bulwark","timestamp":"2026-09-02T09:57:44.570Z"}
{"level":"info","message":"✅ Slack integration initialized","service":"bulwark","timestamp":"2026-09-02T09:58:36.589Z"}
{"level":"info","message":"✅ Slack integration initialized","service":"bulwark","timestamp":"2026-09-02T10:00:07.912Z"}
{"level":"info","message":"✅ Slack integration initialized","service":"bulwark","timestamp":"2026-09-02T10:00:16.166Z"}
{"level":"info","message":"✅ Slack integration initialized","service":"bulwark","timestamp":"2026-09-02T10:00:18.883Z"}
{"level":"info","message":"📨 Slack notification sent","service":"bulwark","timestamp":"2026-09-02T10:03:41.548Z"}
